machine M0

variables
    var1 // comment
    var2

invariants
    @inv1
        var1 ∈ ℕ // comment
    @inv2
        var2 ⊆ ℕ

    theorem @inv3
        1 ∈ ℕ // multiline comment

variant
    var1 // comment

events
    event INITIALISATION // comment
      then
        @act1 var1 ≔ 1
        @act2 var2 ≔ {1}
    end

    convergent event evt1
      any
        prm1 // comment
      where
        @grd1 prm1 = 1
        @grd2 var1 ≠ prm1 // comment
        @grd3 var1 > 0
        theorem @grd4 var1 ≠ 0
      then
        @act1 var1 ≔ var1 − prm1 // comment
        @act2 var2 ≔ {1}
    end

end
