machine M2

events
    event INITIALISATION
    end

end
